================================================================
== Design Size Report
================================================================

* Total Instructions per Compilation Phase
+---------------+-----------------------------+--------------+----------------------------------------------------------------------------------------+
| Phase         | Step                        | Instructions | Description                                                                            |
+---------------+-----------------------------+--------------+----------------------------------------------------------------------------------------+
| Compile/Link  |                             | 1,621        | After all functions are compiled and linked into a single design                       |
|               |                             |              |                                                                                        |
| Unroll/Inline |                             |              | After user unroll and inline pragmas are applied                                       |
|               | (1) unroll                  |   253        | user unroll pragmas are applied                                                        |
|               | (2) simplification          |   197        | simplification of applied user unroll pragmas                                          |
|               | (3) inline                  |   188        | user inline pragmas are applied                                                        |
|               | (4) simplification          |   159        | simplification of applied user inline pragmas                                          |
|               |                             |              |                                                                                        |
| Array/Struct  |                             |              | After user array partition and struct aggregate/disaggregate pragmas are applied       |
|               | (1) array partition         |   161        | user array partition pragmas are applied                                               |
|               | (2) simplification          |   161        | simplification of applied user array partition & struct aggregate/disaggregate pragmas |
|               | (3) aggregate/disaggregate  |   162        | user struct aggregate/disaggregate pragmas are applied                                 |
|               | (4) array reshape           |   164        | apply array reshape pragmas                                                            |
|               | (5) access patterns         |   205        | array access pattern optmizations                                                      |
|               |                             |              |                                                                                        |
| Performance   |                             |              | After transformations are applied to meet performance pragma targets                   |
|               | (1) loop simplification     |   209        | loop and instruction simplification                                                    |
|               | (2) parallelization         |   647        | loops are unrolled or pipelined to meet performance targets                            |
|               | (3) array partition         | 1,267        | arrays are partitioned to meet performance targets                                     |
|               | (4) simplification          |   860        | simplification of design after performance transformations                             |
|               |                             |              |                                                                                        |
| HW Transforms |                             |              | After hardware transfomations                                                          |
|               | (1) lowering                |   868        | initial conversion to HW specific instructions                                         |
|               | (2) optimizations           |   875        | high level synthesis optimizations                                                     |
+---------------+-----------------------------+--------------+----------------------------------------------------------------------------------------+

* Instructions per Function for each Compilation Phase
+--------------------------+------------------------------+--------------+---------------+--------------+-------------+---------------+
| Function                 | Location                     | Compile/Link | Unroll/Inline | Array/Struct | Performance | HW Transforms |
+--------------------------+------------------------------+--------------+---------------+--------------+-------------+---------------+
|   compute_row_operations | compute_row_operations.cpp:5 | 1,621        | 159           | 205          | 860         | 875           |
+--------------------------+------------------------------+--------------+---------------+--------------+-------------+---------------+

* Design Size Message Settings
+---------------------------------------------+--------+------------------------------------------------------------------+
| Message Setting                             | Value  | Description                                                      |
+---------------------------------------------+--------+------------------------------------------------------------------+
| config_compile -design_size_maximum_warning | 100000 | Show a warning when total design instructions exceeds this value |
+---------------------------------------------+--------+------------------------------------------------------------------+


